******************************************************************************
                  TI ARM Linker PC v5.2.2                      
******************************************************************************
>> Linked Mon Aug 12 08:43:51 2019

OUTPUT FILE NAME:   <3_uarts_demo_190515.out>
ENTRY POINT SYMBOL: "_c_int00"  address: 0003ce3d


MEMORY CONFIGURATION

         name            origin    length      used     unused   attr    fill
----------------------  --------  ---------  --------  --------  ----  --------
  FLASH                 00000000   00100000  00040332  000bfcce  R  X
  SRAM                  20000000   00040000  0002c15c  00013ea4  RW X


SEGMENT ALLOCATION MAP

run origin  load origin   length   init length attrs members
----------  ----------- ---------- ----------- ----- -------
00000000    00000000    00040338   00040338    r-x
  00000000    00000000    00000200   00000200    r-- .intvecs
  00000200    00000200    0002bad0   0002bad0    r-- .const
  0002bcd0    0002bcd0    00014342   00014342    r-x .text
  00040018    00040018    00000320   00000320    r-- .cinit
20000000    20000000    0002c15c   00000000    rw-
  20000000    20000000    0002ac90   00000000    rw- .bss
  2002ac90    2002ac90    00001000   00000000    rw- .stack
  2002bc90    2002bc90    000004cc   00000000    rw- .data


SECTION ALLOCATION MAP

 output                                  attributes/
section   page    origin      length       input sections
--------  ----  ----------  ----------   ----------------
.intvecs   0    00000000    00000200     
                  00000000    00000200     startup_ccs.obj (.intvecs)

.const     0    00000200    0002bad0     
                  00000200    0000797b     enet_fs.obj (.const:.string:data_wlan2ur_shtm)
                  00007b7b    00003f56     enet_fs.obj (.const:.string:data_wlan2ur_com1_shtm)
                  0000bad1    00003f56     enet_fs.obj (.const:.string:data_wlan2ur_com2_shtm)
                  0000fa27    00003dc7     enet_fs.obj (.const:.string:data_wlan2ur_com0_shtm)
                  000137ee    0000245f     enet_fs.obj (.const:.string:data_s2e_shtm)
                  00015c4d    000023a5     enet_fs.obj (.const:.string:data_wlanap_shtm)
                  00017ff2    0000232a     enet_fs.obj (.const:.string:data_wlansta_shtm)
                  0001a31c    00001eaf     enet_fs.obj (.const:.string:data_ms_shtm)
                  0001c1cb    00001deb     enet_fs.obj (.const:.string:data_javascript123_js)
                  0001dfb6    00001d66     enet_fs.obj (.const:.string:data_javascript_js)
                  0001fd1c    00001ae5     enet_fs.obj (.const:.string:data_dev_shtm)
                  00021801    000012c1     enet_fs.obj (.const:.string:data_lan_shtm)
                  00022ac2    00000dc6     enet_fs.obj (.const:.string:data_searchWifi_shtm)
                  00023888    00000bdb     enet_fs.obj (.const:.string:data_index_htm)
                  00024463    00000b63     enet_fs.obj (.const:.string:data_ipchg_shtm)
                  00024fc6    00000aab     enet_fs.obj (.const:.string:data_login_shtm)
                  00025a71    00000926     enet_fs.obj (.const:.string:data_overview_htm)
                  00026397    00000857     enet_fs.obj (.const:.string:data_javascript_sta_js)
                  00026bee    000007f7     enet_fs.obj (.const:.string:data_javascript_qc_js)
                  000273e5    000007d3     enet_fs.obj (.const:.string:data_styles_css)
                  00027bb8    0000070e     config.obj (.const:.string)
                  000282c6    000006d2     enet_fs.obj (.const:.string:data_404_htm)
                  00028998    000006b1     enet_fs.obj (.const:.string:data_javascript_uartselect_js)
                  00029049    0000067b     enet_fs.obj (.const:.string:data_javascript_wm_js)
                  000296c4    0000065f     enet_fs.obj (.const:.string:data_perror_htm)
                  00029d23    00000458     enet_fs.obj (.const:.string:data_javascript_ap_js)
                  0002a17b    00000001     --HOLE-- [fill = 0]
                  0002a17c    00000440     httpd.obj (.const:.string)
                  0002a5bc    00000433     enet_fs.obj (.const:.string:data_javascript_validate_js)
                  0002a9ef    00000393     enet_fs.obj (.const:.string:data_favicon_ico)
                  0002ad82    00000002     --HOLE-- [fill = 0]
                  0002ad84    00000244     enet_fs.obj (.const)
                  0002afc8    000001f2     enet_fs.obj (.const:.string:data_javascript_sw_js)
                  0002b1ba    000001dd     enet_fs.obj (.const:.string:data_javascript_dev_js)
                  0002b397    00000001     --HOLE-- [fill = 0]
                  0002b398    00000168     config.obj (.const:g_sParametersFactory)
                  0002b500    00000100     modbusTCP.obj (.const:.string:CRCHighTable)
                  0002b600    00000100     modbusTCP.obj (.const:.string:CRCLowTable)
                  0002b700    000000b4     config.obj (.const)
                  0002b7b4    00000090     driverlib.lib : gpio.obj (.const:g_pui32GPIOBaseAddrs)
                  0002b844    0000008a     lwiplib.obj (.const:.string)
                  0002b8ce    00000002     --HOLE-- [fill = 0]
                  0002b8d0    00000088     httpd.obj (.const:g_psHTTPHeaders)
                  0002b958    00000078     config.obj (.const:g_psConfigCGIURIs)
                  0002b9d0    00000070     driverlib.lib : interrupt.obj (.const)
                  0002ba40    00000068     httpd.obj (.const:g_psHTTPHeaderStrings)
                  0002baa8    00000060     config.obj (.const:g_psWifiChannelModeMap)
                  0002bb08    0000004c     lwiplib.obj (.const)
                  0002bb54    00000004     --HOLE-- [fill = 0]
                  0002bb58    00000048     rtsv7M4_T_le_v4SPD16_eabi.lib : xexp.obj (.const)
                  0002bba0    00000038                                   : xlog.obj (.const:p)
                  0002bbd8    00000030                                   : xdint.obj (.const)
                  0002bc08    00000028     httpd.obj (.const:g_psDefaultFilenames)
                  0002bc30    00000028     config.obj (.const:g_psParityMap)
                  0002bc58    0000001c     uartstdio.obj (.const)
                  0002bc74    00000018     httpd.obj (.const)
                  0002bc8c    00000018     serial.obj (.const)
                  0002bca4    00000014     tasks.obj (.const:.string)
                  0002bcb8    00000012     uartstdio.obj (.const:.string)
                  0002bcca    00000006     telnet.obj (.const:.string)

.text      0    0002bcd0    00014342     
                  0002bcd0    00001287     config.obj (.text:ConfigSSIHandler)
                  0002cf57    00000001     --HOLE-- [fill = 0]
                  0002cf58    00000e19     locator.obj (.text:Process_TI_Master_CMD)
                  0002dd71    00000001     --HOLE-- [fill = 0]
                  0002dd72    00000002     startup_ccs.obj (.text:FaultISR)
                  0002dd74    000007bc     lwiplib.obj (.text:tcp_receive)
                  0002e530    00000758     locator.obj (.text:Decode_Command)
                  0002ec88    000005e4     config.obj (.text:ConfigCGIHandler)
                  0002f26c    000004a4     httpd.obj (.text:http_send_data)
                  0002f710    00000498     rtsv7M4_T_le_v4SPD16_eabi.lib : pow.obj (.text)
                  0002fba8    00000464     telnet.obj (.text:TelnetHandler_1)
                  0003000c    00000464     telnet.obj (.text:TelnetHandler_2)
                  00030470    00000458     telnet.obj (.text:TelnetHandler)
                  000308c8    000003b0     lwiplib.obj (.text:tcp_input)
                  00030c78    000003b0     lwiplib.obj (.text:tcp_process)
                  00031028    000002ec     rtsv7M4_T_le_v4SPD16_eabi.lib : xlog.obj (.text)
                  00031314    000002ec     lwiplib.obj (.text:tcp_write)
                  00031600    000002c8     lwiplib.obj (.text:tcp_slowtmr)
                  000318c8    00000258     serial.obj (.text:SerialInit)
                  00031b20    00000250     COM_WIFI.obj (.text:COM1_WiFiTask)
                  00031d70    00000250     COM_WIFI.obj (.text:COM2_WiFiTask)
                  00031fc0    0000024d     ustdlib.obj (.text:uvsnprintf)
                  0003220d    00000001     --HOLE-- [fill = 0]
                  0003220e    00000002     startup_ccs.obj (.text:IntDefaultHandler)
                  00032210    0000024c     COM_WIFI.obj (.text:COM_WiFiTask)
                  0003245c    0000024c     pinout.obj (.text:PinoutSet)
                  000326a8    0000023c     locator.obj (.text:LocatorReceive)
                  000328e4    00000228     lwiplib.obj (.text:dhcp_parse_reply)
                  00032b0c    00000204     enet_s2e.obj (.text:main)
                  00032d10    000001fc     rtsv7M4_T_le_v4SPD16_eabi.lib : xexp.obj (.text)
                  00032f0c    000001ec     telnet.obj (.text:TelnetProcessRFC2217Command)
                  000330f8    000001ea     uartstdio.obj (.text:UARTvprintf)
                  000332e2    00000002     startup_ccs.obj (.text:NmiSR)
                  000332e4    000001dc     lwiplib.obj (.text:ip_input)
                  000334c0    000001d8     config.obj (.text:ConfigWifiAPHandler)
                  00033698    000001c8     serial_task.obj (.text:SerialTask)
                  00033860    000001c4     lwiplib.obj (.text:udp_input)
                  00033a24    000001bc     modbusRTU.obj (.text:ModbusPDU_Req_WiFi_Port)
                  00033be0    000001b6     rtsv7M4_T_le_v4SPD16_eabi.lib : fd_add_t2.obj (.text)
                  00033d96    00000002     enet_s2e.obj (.text:vApplicationStackOverflowHook)
                  00033d98    000001b0     serial_task.obj (.text:Origin_Data_StateMachine)
                  00033f48    000001ac     config.obj (.text:ConfigWifiStaHandler)
                  000340f4    000001a0     modbusRTU.obj (.text:ModbusRTURecv_COM_Port)
                  00034294    00000198     modbusRTU.obj (.text:ModbusRTURecvTCPSend)
                  0003442c    00000190     lwiplib.obj (.text:tcp_output)
                  000345bc    00000188     locator.obj (.text:DataResponse_Fill_for_Read_Config)
                  00034744    00000184     httpd.obj (.text:http_find_file)
                  000348c8    00000184     lwiplib.obj (.text:icmp_input)
                  00034a4c    0000017c     lwiplib.obj (.text:lwIPInit)
                  00034bc8    0000016c     telnet.obj (.text:TelnetProcessCharacter)
                  00034d34    00000150     lwiplib.obj (.text:etharp_arp_input)
                  00034e84    0000014c     config.obj (.text:ConfigIPCGIHandler)
                  00034fd0    00000148     serial_task.obj (.text:WiFi_TCP_Open_StatMachine)
                  00035118    00000148     lwiplib.obj (.text:tcp_close_shutdown)
                  00035260    00000140     modbusTCP.obj (.text:ModbusTCPReceiveSerialSend)
                  000353a0    00000140     lwiplib.obj (.text:tivaif_receive)
                  000354e0    00000136     lwiplib.obj (.text:pbuf_alloc)
                  00035616    00000136     rtsv7M4_T_le_v4SPD16_eabi.lib : fd_div_t2.obj (.text)
                  0003574c    00000130     driverlib.lib : gpio.obj (.text:GPIOPadConfigSet)
                  0003587c    00000130     config.obj (.text:SendAPWebpageCMDtoWiFi)
                  000359ac    00000130     config.obj (.text:WiFiTransModeHandler)
                  00035adc    00000128     lwiplib.obj (.text:etharp_output)
                  00035c04    00000124     lwiplib.obj (.text:dhcp_create_msg)
                  00035d28    0000011c     tasks.obj (.text:xTaskIncrementTick)
                  00035e44    00000118     lwip_task.obj (.text:lwIPTaskInit)
                  00035f5c    00000118     lwiplib.obj (.text:mem_malloc)
                  00036074    00000114     lwiplib.obj (.text:etharp_query)
                  00036188    00000114     lwiplib.obj (.text:tcp_listen_input)
                  0003629c    00000110     locator.obj (.text:Send_response_data)
                  000363ac    00000110     rtsv7M4_T_le_v4SPD16_eabi.lib : xdscale.obj (.text)
                  000364bc    00000108     config.obj (.text:ConfigLoginCGIHandler)
                  000365c4    00000108     lwiplib.obj (.text:mem_trim)
                  000366cc    00000104     serial_task.obj (.text:COM_Data_In_Handle_Direct)
                  000367d0    00000100     queue.obj (.text:xQueueGenericReceive)
                  000368d0    000000fc     rtsv7M4_T_le_v4SPD16_eabi.lib : fd_mul_t2.obj (.text)
                  000369cc    000000fc     lwiplib.obj (.text:tivaif_transmit)
                  00036ac8    000000f8     lwiplib.obj (.text:tcp_connect)
                  00036bc0    000000f4     lwiplib.obj (.text:lwIPPrivateNetworkConfigChange)
                  00036cb4    000000f0     serial.obj (.text:SerialSetTransitMode)
                  00036da4    000000f0     Status_LED_Task.obj (.text:WiFi_StatusLED_Task)
                  00036e94    000000e8     httpd.obj (.text:get_http_headers)
                  00036f7c    000000e0     lwiplib.obj (.text:etharp_find_entry)
                  0003705c    000000dc     telnet.obj (.text:TelnetConnected)
                  00037138    000000dc     Status_LED_Task.obj (.text:WiFiStatus_LED_Green_Flash)
                  00037214    000000dc     telnet.obj (.text:chartodigit)
                  000372f0    000000dc     lwiplib.obj (.text:etharp_raw)
                  000373cc    000000dc     httpd.obj (.text:get_tag_insert)
                  000374a8    000000dc     tasks.obj (.text:xTaskGenericCreate)
                  00037584    000000d5     idle_task.obj (.text:DisplayIP)
                  00037659    00000003     --HOLE-- [fill = 0]
                  0003765c    000000d4     lwiplib.obj (.text:autoip_tmr)
                  00037730    000000d4     tasks.obj (.text:xTaskResumeAll)
                  00037804    000000d0     config.obj (.text:LoginHandler)
                  000378d4    000000d0     lwiplib.obj (.text:tcp_alloc)
                  000379a4    000000cc     lwiplib.obj (.text:dhcp_recv)
                  00037a70    000000cc     lwiplib.obj (.text:dhcp_select)
                  00037b3c    000000cc     lwiplib.obj (.text:lwIPPrivateInit)
                  00037c08    000000c8     lwiplib.obj (.text:dhcp_bind)
                  00037cd0    000000c8     lwiplib.obj (.text:udp_sendto_if)
                  00037d98    000000c6     queue.obj (.text:xQueueGenericSend)
                  00037e5e    00000002     --HOLE-- [fill = 0]
                  00037e60    000000c4     driverlib.lib : eeprom.obj (.text:EEPROMProgram)
                  00037f24    000000c4     lwiplib.obj (.text:InitDMADescriptors)
                  00037fe8    000000c4     config.obj (.text:SelectAPHandler)
                  000380ac    000000c4     config.obj (.text:SetDataTransCMDtoWiFi)
                  00038170    000000c0     telnet.obj (.text:TelnetOpen)
                  00038230    000000c0     serial_task.obj (.text:WiFiRAW_Data_StateMachine)
                  000382f0    000000c0     rtsv7M4_T_le_v4SPD16_eabi.lib : xdint.obj (.text)
                  000383b0    000000c0     lwiplib.obj (.text:tcp_output_segment)
                  00038470    000000be     rtsv7M4_T_le_v4SPD16_eabi.lib : xdnorm.obj (.text)
                  0003852e    00000002     --HOLE-- [fill = 0]
                  00038530    000000bc     telnet.obj (.text:UDPHandler)
                  000385ec    000000bc     lwiplib.obj (.text:dhcp_discover)
                  000386a8    000000bc     lwiplib.obj (.text:tcp_create_segment)
                  00038764    000000bc     lwiplib.obj (.text:tivaif_hwinit)
                  00038820    000000ba     locator.obj (.text:WrComParas)
                  000388da    00000002     --HOLE-- [fill = 0]
                  000388dc    000000b4     config.obj (.text:SendSTAWebpageCMDtoWiFi)
                  00038990    000000b4     telnet.obj (.text:TelnetClose)
                  00038a44    000000b0     locator.obj (.text:WrBasicParas)
                  00038af4    000000ac     eeprom_pb.obj (.text:EEPROMPBSave)
                  00038ba0    000000ac     telnet.obj (.text:TelnetListen)
                  00038c4c    000000ac     telnet.obj (.text:TelnetProcessRFC2217Character)
                  00038cf8    000000ac     heap_2.obj (.text:pvPortMalloc)
                  00038da4    000000ab     locator.obj (.text:UDPReceive)
                  00038e4f    00000001     --HOLE-- [fill = 0]
                  00038e50    000000a8     lwiplib.obj (.text:dhcp_start)
                  00038ef8    000000a8     lwiplib.obj (.text:tcp_enqueue_flags)
                  00038fa0    000000a6     portasm.obj (.text)
                  00039046    00000002     --HOLE-- [fill = 0]
                  00039048    000000a4     modbusRTU.obj (.text:ModbusTimerInit)
                  000390ec    000000a4     serial.obj (.text:SerialSetParity)
                  00039190    000000a4     lwiplib.obj (.text:dhcp_release)
                  00039234    000000a4     lwiplib.obj (.text:ethernet_input)
                  000392d8    000000a4     lwiplib.obj (.text:ip_output_if)
                  0003937c    000000a0     config.obj (.text:DataCHSelectHandler)
                  0003941c    000000a0     tasks.obj (.text:vTaskSwitchContext)
                  000394bc    0000009e     httpd.obj (.text:http_parse_request)
                  0003955a    0000009c     rtsv7M4_T_le_v4SPD16_eabi.lib : memcpy_t2.obj (.text)
                  000395f6    00000002     --HOLE-- [fill = 0]
                  000395f8    0000009c     lwiplib.obj (.text:tcp_listen_with_backlog)
                  00039694    0000009a     telnet.obj (.text:TelnetReceive)
                  0003972e    00000002     --HOLE-- [fill = 0]
                  00039730    00000098     Status_LED_Task.obj (.text:COM_RX_LED_Red)
                  000397c8    00000098     Status_LED_Task.obj (.text:COM_TX_LED_Green)
                  00039860    00000098     config.obj (.text:WiFiSearchHandler)
                  000398f8    00000098     lwiplib.obj (.text:dhcp_reboot)
                  00039990    00000094     modbusRTU.obj (.text:initModbusRTUStatemachine)
                  00039a24    00000092     lwiplib.obj (.text:pbuf_copy)
                  00039ab6    00000002     --HOLE-- [fill = 0]
                  00039ab8    00000090     serial.obj (.text:SerialSetDataSize)
                  00039b48    00000090     serial_task.obj (.text:SerialUARTIntHandler)
                  00039bd8    00000090     lwiplib.obj (.text:tcp_abandon)
                  00039c68    00000090     lwiplib.obj (.text:tcpip_thread)
                  00039cf8    0000008c     modbusRTU.obj (.text:WiFi_RTU_ModbusTimer3Init)
                  00039d84    0000008c     lwiplib.obj (.text:tcp_zero_window_probe)
                  00039e10    00000088     serial.obj (.text:SerialSend)
                  00039e98    00000088     telnet.obj (.text:TelnetInit)
                  00039f20    00000088     telnet.obj (.text:TelnetProcessDo)
                  00039fa8    00000088     serial.obj (.text:_SerialSetConfig)
                  0003a030    00000088     lwiplib.obj (.text:lwIPLinkDetect)
                  0003a0b8    00000088     lwiplib.obj (.text:mem_free)
                  0003a140    00000086     rtsv7M4_T_le_v4SPD16_eabi.lib : fd_cmp_t2.obj (.text:__aeabi_cdcmple)
                  0003a1c6    00000002     --HOLE-- [fill = 0]
                  0003a1c8    00000084     config.obj (.text:ConfigMiscCGIHandler)
                  0003a24c    00000084     telnet.obj (.text:TelnetProcessWill)
                  0003a2d0    00000084     lwiplib.obj (.text:tcp_timewait_input)
                  0003a354    00000084     lwiplib.obj (.text:tivaif_process_phy_interrupt)
                  0003a3d8    00000082     lwiplib.obj (.text:autoip_arp_reply)
                  0003a45a    00000002     --HOLE-- [fill = 0]
                  0003a45c    00000080     telnet.obj (.text:TelnetProcessDont)
                  0003a4dc    00000080     lwiplib.obj (.text:dhcp_rebind)
                  0003a55c    00000080     lwiplib.obj (.text:dhcp_renew)
                  0003a5dc    00000080     lwiplib.obj (.text:sys_sem_new)
                  0003a65c    00000080     lwiplib.obj (.text:sys_thread_new)
                  0003a6dc    00000080     lwiplib.obj (.text:tcp_parseopt)
                  0003a75c    0000007c     lwiplib.obj (.text:dhcp_handle_ack)
                  0003a7d8    0000007c     lwiplib.obj (.text:dhcp_timeout)
                  0003a854    0000007c     lwiplib.obj (.text:tcp_bind)
                  0003a8d0    0000007c     lwiplib.obj (.text:tcp_rst)
                  0003a94c    0000007a     rtsv7M4_T_le_v4SPD16_eabi.lib : memset_t2.obj (.text)
                  0003a9c6    00000002     --HOLE-- [fill = 0]
                  0003a9c8    00000079     httpd.obj (.text:http_init_file)
                  0003aa41    00000003     --HOLE-- [fill = 0]
                  0003aa44    00000078     serial_task.obj (.text:COM_Data_In_Processing_Not_TCPChar)
                  0003aabc    00000078     serial_task.obj (.text:SerialTaskInit)
                  0003ab34    00000078     telnet.obj (.text:TelnetAccept)
                  0003abac    00000078     telnet.obj (.text:TelnetError)
                  0003ac24    00000078     telnet.obj (.text:TelnetProcessWont)
                  0003ac9c    00000078     lwiplib.obj (.text:lwIPEthernetIntHandler)
                  0003ad14    00000078     lwiplib.obj (.text:tcp_oos_insert_segment)
                  0003ad8c    00000074     config.obj (.text:ConfigCheckDecimalParam)
                  0003ae00    00000074     config.obj (.text:SetModnameCMDtoWiFi)
                  0003ae74    00000074     lwiplib.obj (.text:etharp_update_arp_entry)
                  0003aee8    00000074     lwiplib.obj (.text:raw_input)
                  0003af5c    00000072     httpd.obj (.text:extract_uri_parameters)
                  0003afce    00000072     queue.obj (.text:xQueueGenericReset)
                  0003b040    00000070     config.obj (.text:ConfigWifiModeHandler)
                  0003b0b0    00000070     lwiplib.obj (.text:memp_init)
                  0003b120    00000070     lwiplib.obj (.text:sys_mbox_new)
                  0003b190    00000070     lwiplib.obj (.text:tcp_fasttmr)
                  0003b200    00000070     tasks.obj (.text:vTaskDelete)
                  0003b270    00000070     tasks.obj (.text:vTaskPriorityInherit)
                  0003b2e0    00000070     tasks.obj (.text:xTaskRemoveFromEventList)
                  0003b350    0000006c     serial.obj (.text:SerialSetFlowControl)
                  0003b3bc    0000006c     lwiplib.obj (.text:icmp_send_response)
                  0003b428    0000006c     queue.obj (.text:prvCopyDataToQueue)
                  0003b494    0000006c     rtsv7M4_T_le_v4SPD16_eabi.lib : autoinit.obj (.text)
                  0003b500    0000006a                                   : copy_decompress_rle.obj (.text)
                  0003b56a    00000002     --HOLE-- [fill = 0]
                  0003b56c    00000069     config.obj (.text:ConfigGetCGIIPAddr)
                  0003b5d5    00000003     --HOLE-- [fill = 0]
                  0003b5d8    00000069     config.obj (.text:ConfigGetCGIParam)
                  0003b641    00000003     --HOLE-- [fill = 0]
                  0003b644    00000068     config.obj (.text:ConfigInit)
                  0003b6ac    00000068     serial.obj (.text:SerialSetStopBits)
                  0003b714    00000068     modbusRTU.obj (.text:Timer3IntHandler)
                  0003b77c    00000068     lwiplib.obj (.text:dhcp_decline)
                  0003b7e4    00000068     httpd.obj (.text:http_recv)
                  0003b84c    00000068     modbusTCP.obj (.text:initModbusTCPStatemachine)
                  0003b8b4    00000068     lwiplib.obj (.text:lwip_standard_chksum)
                  0003b91c    00000068     lwiplib.obj (.text:mem_init)
                  0003b984    00000068     lwiplib.obj (.text:netif_set_ipaddr)
                  0003b9ec    00000068     lwiplib.obj (.text:pbuf_copy_partial)
                  0003ba54    00000068     lwiplib.obj (.text:sys_timeout)
                  0003babc    00000068     lwiplib.obj (.text:tcp_output_alloc_header)
                  0003bb24    00000068     lwiplib.obj (.text:tcp_process_refused_data)
                  0003bb8c    00000068     lwiplib.obj (.text:udp_bind)
                  0003bbf4    00000066     rtsv7M4_T_le_v4SPD16_eabi.lib : xdunscal.obj (.text)
                  0003bc5a    00000002     --HOLE-- [fill = 0]
                  0003bc5c    00000064     config.obj (.text:ConfigUpdatePortParameters)
                  0003bcc0    00000064     COM_WIFI.obj (.text:Make_Delay)
                  0003bd24    00000064     lwip_task.obj (.text:SetupServices)
                  0003bd88    00000064     swupdate.obj (.text:SoftwareUpdateInit)
                  0003bdec    00000064     swupdate.obj (.text:SoftwareUpdateUDPReceive)
                  0003be50    00000064     pinout.obj (.text:Timer1IntHandler)
                  0003beb4    00000064     serial.obj (.text:WiFiData_ProtocolGet)
                  0003bf18    00000064     lwiplib.obj (.text:plug_holes)
                  0003bf7c    00000062     lwiplib.obj (.text:pbuf_header)
                  0003bfde    00000062     queue.obj (.text:prvUnlockQueue)
                  0003c040    00000060     driverlib.lib : interrupt.obj (.text:IntDisable)
                  0003c0a0    00000060                   : interrupt.obj (.text:IntEnable)
                  0003c100    00000060     uartstdio.obj (.text:UARTStdioConfig)
                  0003c160    00000060     tasks.obj (.text:prvInitialiseTaskLists)
                  0003c1c0    00000060     lwiplib.obj (.text:sys_timeouts_mbox_fetch)
                  0003c220    0000005e     locator.obj (.text:CRC_CheckOK)
                  0003c27e    00000002     --HOLE-- [fill = 0]
                  0003c280    0000005c     driverlib.lib : timer.obj (.text:TimerConfigure)
                  0003c2dc    0000005c     lwiplib.obj (.text:tcp_pcb_remove)
                  0003c338    0000005c     lwiplib.obj (.text:tcpip_callback_with_block)
                  0003c394    0000005c     tasks.obj (.text:vTaskDelayUntil)
                  0003c3f0    0000005a     config.obj (.text:ConfigDecodeFormString)
                  0003c44a    0000005a     lwiplib.obj (.text:inet_chksum_pbuf)
                  0003c4a4    0000005a     lwiplib.obj (.text:pbuf_realloc)
                  0003c4fe    0000005a     queue.obj (.text:xQueueGenericSendFromISR)
                  0003c558    00000058     eeprom_pb.obj (.text:EEPROMPBInit)
                  0003c5b0    00000058     locator.obj (.text:LocatorInit)
                  0003c608    00000058     modbusRTU.obj (.text:Timer0IntHandler)
                  0003c660    00000058     lwiplib.obj (.text:autoip_start)
                  0003c6b8    00000058     httpd.obj (.text:http_accept)
                  0003c710    00000058     lwiplib.obj (.text:memp_malloc)
                  0003c768    00000058     tasks.obj (.text:prvCheckTasksWaitingTermination)
                  0003c7c0    00000058     idle_task.obj (.text:vApplicationIdleHook)
                  0003c818    00000056     telnet.obj (.text:TelnetFreePbufs)
                  0003c86e    00000056     lwiplib.obj (.text:tcp_rexmit)
                  0003c8c4    00000054     COM_WIFI.obj (.text:COM_1_WiFiTaskInit)
                  0003c918    00000054     COM_WIFI.obj (.text:COM_2_WiFiTaskInit)
                  0003c96c    00000054     COM_WIFI.obj (.text:COM_WiFiTaskInit)
                  0003c9c0    00000054     config.obj (.text:ConfigDefaultsCGIHandler)
                  0003ca14    00000054     telnet.obj (.text:TelnetPoll)
                  0003ca68    00000054     lwiplib.obj (.text:autoip_create_addr)
                  0003cabc    00000054     lwiplib.obj (.text:netif_add)
                  0003cb10    00000054     lwiplib.obj (.text:tcp_new_port)
                  0003cb64    00000054     tasks.obj (.text:xTaskCheckForTimeOut)
                  0003cbb8    00000052     lwiplib.obj (.text:tcp_pbuf_prealloc)
                  0003cc0a    00000052     lwiplib.obj (.text:tivaif_process_transmit)
                  0003cc5c    00000050     serial_task.obj (.text:COM_Data_Out_Sending_Not_TCPChar)
                  0003ccac    00000050     config.obj (.text:LogoutHandler)
                  0003ccfc    00000050     serial.obj (.text:SerialSetCurrent)
                  0003cd4c    00000050     driverlib.lib : sysctl.obj (.text:SysCtlPeripheralReset)
                  0003cd9c    00000050     locator.obj (.text:UDPInit)
                  0003cdec    00000050     httpd.obj (.text:http_close_conn)
                  0003ce3c    00000050     rtsv7M4_T_le_v4SPD16_eabi.lib : boot.obj (.text)
                  0003ce8c    00000050     lwiplib.obj (.text:tcp_write_checks)
                  0003cedc    00000050     lwiplib.obj (.text:tcpip_init)
                  0003cf2c    0000004e     lwiplib.obj (.text:autoip_start_probing)
                  0003cf7a    0000004e     lwiplib.obj (.text:pbuf_free)
                  0003cfc8    0000004e     tasks.obj (.text:prvInitialiseTCBVariables)
                  0003d016    0000004e     queue.obj (.text:xQueueGenericCreate)
                  0003d064    0000004c     serial.obj (.text:SerialReceive)
                  0003d0b0    0000004c     serial_task.obj (.text:Webserver_Data_In_Processing_TCPChar)
                  0003d0fc    0000004c     serial_task.obj (.text:Webserver_Data_Out_Processing_TCPChar)
                  0003d148    0000004c     microchipWiFi.obj (.text:WiFiReset)
                  0003d194    0000004c     enet_fs.obj (.text:fs_open)
                  0003d1e0    0000004c     lwiplib.obj (.text:ip_route)
                  0003d22c    0000004c     tasks.obj (.text:prvAddCurrentTaskToDelayedList)
                  0003d278    0000004c     rtsv7M4_T_le_v4SPD16_eabi.lib : cpy_tbl.obj (.text)
                  0003d2c4    0000004c     httpd.obj (.text:strnstr)
                  0003d310    0000004c     lwiplib.obj (.text:tcpip_input)
                  0003d35c    0000004c     lwiplib.obj (.text:tivaif_interrupt)
                  0003d3a8    0000004c     lwiplib.obj (.text:udp_connect)
                  0003d3f4    0000004c     lwiplib.obj (.text:udp_new_port)
                  0003d440    0000004b     locator.obj (.text:COMPAR_MAC_ADDR)
                  0003d48b    00000001     --HOLE-- [fill = 0]
                  0003d48c    0000004b     httpd.obj (.text:http_get_404_file)
                  0003d4d7    00000001     --HOLE-- [fill = 0]
                  0003d4d8    00000048     driverlib.lib : gpio.obj (.text:GPIOPinConfigure)
                  0003d520    00000048     serial.obj (.text:SerialSetBaudRate)
                  0003d568    00000048     uartstdio.obj (.text:UARTwrite)
                  0003d5b0    00000048     lwiplib.obj (.text:etharp_output_to_arp_index)
                  0003d5f8    00000048     httpd.obj (.text:http_write)
                  0003d640    00000048     lwip_task.obj (.text:lwIPHostTimerHandler)
                  0003d688    00000048     rtsv7M4_T_le_v4SPD16_eabi.lib : fd_toi_t2.obj (.text)
                  0003d6d0    00000048     lwiplib.obj (.text:sys_arch_mbox_fetch)
                  0003d718    00000048     lwiplib.obj (.text:sys_untimeout)
                  0003d760    00000048     lwiplib.obj (.text:tcp_kill_prio)
                  0003d7a8    00000048     lwiplib.obj (.text:tcp_rexmit_fast)
                  0003d7f0    00000048     tasks.obj (.text:vTaskPriorityDisinherit)
                  0003d838    00000048     tasks.obj (.text:vTaskStartScheduler)
                  0003d880    00000046     config.obj (.text:ConfigEncodeFormString)
                  0003d8c6    00000046     lwiplib.obj (.text:tcp_send_empty_ack)
                  0003d90c    00000046     lwiplib.obj (.text:tcp_send_fin)
                  0003d952    00000002     --HOLE-- [fill = 0]
                  0003d954    00000044     modbusTCP.obj (.text:Cal_CRC_and_append)
                  0003d998    00000044     modbusTCP.obj (.text:ModbusCRC)
                  0003d9dc    00000044     serial.obj (.text:RS485_TxDisable)
                  0003da20    00000044     serial.obj (.text:SerialGetDataSize)
                  0003da64    00000044     serial.obj (.text:SerialGetParity)
                  0003daa8    00000044     lwiplib.obj (.text:ip_output)
                  0003daec    00000044     lwiplib.obj (.text:lwIPInterruptTask)
                  0003db30    00000044     rtsv7M4_T_le_v4SPD16_eabi.lib : exit.obj (.text)
                  0003db74    00000044                                   : fd_tou_t2.obj (.text)
                  0003dbb8    00000044     lwiplib.obj (.text:sys_timeouts_init)
                  0003dbfc    00000044     lwiplib.obj (.text:tcp_keepalive)
                  0003dc40    00000044     lwiplib.obj (.text:tivaif_check_pbuf)
                  0003dc84    00000044     heap_2.obj (.text:vPortFree)
                  0003dcc8    00000044     tasks.obj (.text:vTaskPlaceOnEventList)
                  0003dd0c    00000042     lwiplib.obj (.text:dhcp_network_changed)
                  0003dd4e    00000042     lwiplib.obj (.text:dhcp_option_long)
                  0003dd90    00000042     rtsv7M4_T_le_v4SPD16_eabi.lib : u_divt2.obj (.text)
                  0003ddd2    00000042     lwiplib.obj (.text:sys_arch_sem_wait)
                  0003de14    00000042     lwiplib.obj (.text:tcp_pcb_purge)
                  0003de56    00000040     config.obj (.text:ConfigDecodeHexEscape)
                  0003de96    00000040     config.obj (.text:ConfigWillIPAddrChange)
                  0003ded6    00000002     --HOLE-- [fill = 0]
                  0003ded8    00000040     driverlib.lib : eeprom.obj (.text:EEPROMInit)
                  0003df18    00000040     serial.obj (.text:SerialGetBaudRate)
                  0003df58    00000040     serial.obj (.text:SerialPurgeData)
                  0003df98    00000040     Status_LED_Task.obj (.text:WiFi_StatusLED_TaskInit)
                  0003dfd8    00000040     lwiplib.obj (.text:etharp_tmr)
                  0003e018    00000040     rtsv7M4_T_le_v4SPD16_eabi.lib : signal.obj (.text)
                  0003e058    00000040     port.obj (.text:xPortStartScheduler)
                  0003e098    0000003e     lwiplib.obj (.text:netif_set_link_up)
                  0003e0d6    00000002     --HOLE-- [fill = 0]
                  0003e0d8    0000003c     Status_LED_Task.obj (.text:Locator_LED)
                  0003e114    0000003c     driverlib.lib : eeprom.obj (.text:_EEPROMSectorMaskSet)
                  0003e150    0000003c     lwiplib.obj (.text:dhcp_coarse_tmr)
                  0003e18c    0000003c     locator.obj (.text:send_finished)
                  0003e1c8    0000003c     lwiplib.obj (.text:sys_init)
                  0003e204    0000003a     driverlib.lib : emac.obj (.text:EMACIntEnable)
                  0003e23e    00000002     --HOLE-- [fill = 0]
                  0003e240    00000038     Status_LED_Task.obj (.text:AllStatusLEDoff)
                  0003e278    00000038     locator.obj (.text:LocatorAppTitleSet)
                  0003e2b0    00000038     lwiplib.obj (.text:dhcp_fine_tmr)
                  0003e2e8    00000038     lwiplib.obj (.text:dhcp_handle_nak)
                  0003e320    00000038     lwiplib.obj (.text:dhcp_stop)
                  0003e358    00000038     httpd.obj (.text:httpd_init_addr)
                  0003e390    00000038     lwiplib.obj (.text:memp_free)
                  0003e3c8    00000038     lwiplib.obj (.text:pbuf_pool_is_empty)
                  0003e400    00000038     tasks.obj (.text:prvAllocateTCBAndStack)
                  0003e438    00000038     enet_s2e.obj (.text:resume_channel_connection)
                  0003e470    00000038     rtsv7M4_T_le_v4SPD16_eabi.lib : fs_tod_t2.obj (.text)
                  0003e4a8    00000038     lwiplib.obj (.text:tcpip_tcp_timer)
                  0003e4e0    00000038     list.obj (.text:vListInsert)
                  0003e518    00000036     ustdlib.obj (.text:ustrncmp)
                  0003e54e    00000002     --HOLE-- [fill = 0]
                  0003e550    00000034     config.obj (.text:ConfigUpdateIPAddress)
                  0003e584    00000034     driverlib.lib : eeprom.obj (.text:EEPROMRead)
                  0003e5b8    00000034                   : emac.obj (.text:EMACConfigGet)
                  0003e5ec    00000034                   : emac.obj (.text:EMACConfigSet)
                  0003e620    00000034                   : emac.obj (.text:EMACIntClear)
                  0003e654    00000034     serial.obj (.text:SerialGetStopBits)
                  0003e688    00000034     swupdate.obj (.text:SoftwareUpdateBegin)
                  0003e6bc    00000034     driverlib.lib : sysctl.obj (.text:SysCtlPeripheralEnable)
                  0003e6f0    00000034                   : eeprom.obj (.text:_EEPROMSectorMaskClear)
                  0003e724    00000034     lwiplib.obj (.text:autoip_arp_probe)
                  0003e758    00000034     locator.obj (.text:clearRX_ringbuffer)
                  0003e78c    00000034     httpd.obj (.text:http_poll)
                  0003e7c0    00000034     rtsv7M4_T_le_v4SPD16_eabi.lib : feraiseexcept.obj (.text)
                  0003e7f4    00000034                                   : strstr.obj (.text)
                  0003e828    00000034     lwiplib.obj (.text:tcp_kill_timewait)
                  0003e85c    00000034     lwiplib.obj (.text:tcp_timer_needed)
                  0003e890    00000034     lwiplib.obj (.text:tivaif_init)
                  0003e8c4    00000034     lwiplib.obj (.text:udp_sendto)
                  0003e8f8    00000034     tasks.obj (.text:vTaskDelay)
                  0003e92c    00000033     COM_WIFI.obj (.text:restore_call)
                  0003e95f    00000001     --HOLE-- [fill = 0]
                  0003e960    00000032     lwiplib.obj (.text:ip4_addr_isbroadcast)
                  0003e992    00000032     lwiplib.obj (.text:tcp_recved)
                  0003e9c4    00000030     config.obj (.text:ConfigWebInit)
                  0003e9f4    00000030     eeprom_pb.obj (.text:EEPROMPBIsValid)
                  0003ea24    00000030     serial.obj (.text:RS485_TxEnable)
                  0003ea54    00000030     ringbuf.obj (.text:UpdateIndexAtomic)
                  0003ea84    00000030     locator.obj (.text:User_Check)
                  0003eab4    00000030     enet_fs.obj (.text:fs_read)
                  0003eae4    00000030     lwiplib.obj (.text:pbuf_free_ooseq)
                  0003eb14    00000030     heap_2.obj (.text:prvHeapInit)
                  0003eb44    00000030     rtsv7M4_T_le_v4SPD16_eabi.lib : strncpy.obj (.text)
                  0003eb74    00000030                                   : xferaise.obj (.text)
                  0003eba4    00000030     lwiplib.obj (.text:tcp_update_rcv_ann_wnd)
                  0003ebd4    00000030     lwiplib.obj (.text:udp_remove)
                  0003ec04    0000002e     config.obj (.text:ConfigFindCGIParameter)
                  0003ec32    0000002e     lwiplib.obj (.text:dhcp_option_trailer)
                  0003ec60    0000002e     rtsv7M4_T_le_v4SPD16_eabi.lib : i_tofd_t2.obj (.text)
                  0003ec8e    0000002e                                   : raise.obj (.text)
                  0003ecbc    0000002e     lwiplib.obj (.text:tcp_rexmit_rto)
                  0003ecea    00000002     --HOLE-- [fill = 0]
                  0003ecec    0000002c     config.obj (.text:ConfigLoad)
                  0003ed18    0000002c     config.obj (.text:ConfigLoadFactory)
                  0003ed44    0000002c     driverlib.lib : emac.obj (.text:EMACIntStatus)
                  0003ed70    0000002c     locator.obj (.text:Fill_to_u32_Read_Response)
                  0003ed9c    0000002c     lwiplib.obj (.text:autoip_arp_announce)
                  0003edc8    0000002c     lwiplib.obj (.text:dhcp_handle_offer)
                  0003edf4    0000002c     lwiplib.obj (.text:etharp_request)
                  0003ee20    0000002c     lwiplib.obj (.text:lwIPLocalIPAddrGet)
                  0003ee4c    0000002c     lwiplib.obj (.text:lwIPNetworkConfigChange)
                  0003ee78    0000002c     lwiplib.obj (.text:sys_arch_thread)
                  0003eea4    0000002c     lwiplib.obj (.text:sys_mbox_trypost)
                  0003eed0    0000002a     config.obj (.text:ConfigHexDigit)
                  0003eefa    0000002a     driverlib.lib : gpio.obj (.text:GPIODirModeSet)
                  0003ef24    0000002a     lwiplib.obj (.text:autoip_bind)
                  0003ef4e    0000002a     ustdlib.obj (.text:ustrncpy)
                  0003ef78    00000028     config.obj (.text:ConfigMapIdToString)
                  0003efa0    00000028     serial.obj (.text:GetModbusValue)
                  0003efc8    00000028     locator.obj (.text:LocatorIPAddrset)
                  0003eff0    00000028     lwiplib.obj (.text:etharp_cleanup_netif)
                  0003f018    00000028     lwiplib.obj (.text:pbuf_cat)
                  0003f040    00000028     queue.obj (.text:prvCopyDataFromQueue)
                  0003f068    00000026     driverlib.lib : emac.obj (.text:EMACPHYRead)
                  0003f08e    00000026                   : emac.obj (.text:EMACPHYWrite)
                  0003f0b4    00000026                   : uart.obj (.text:UARTConfigGetExpClk)
                  0003f0da    00000026     lwiplib.obj (.text:dhcp_check)
                  0003f100    00000026     httpd.obj (.text:http_state_free)
                  0003f126    00000026     rtsv7M4_T_le_v4SPD16_eabi.lib : strncmp.obj (.text)
                  0003f14c    00000026     lwiplib.obj (.text:tcp_recv_null)
                  0003f172    00000002     --HOLE-- [fill = 0]
                  0003f174    00000024     config.obj (.text:ConfigSave)
                  0003f198    00000024     locator.obj (.text:Port0_Paras_Set)
                  0003f1bc    00000024     locator.obj (.text:Port1_Paras_Set)
                  0003f1e0    00000024     locator.obj (.text:SetBasicParas)
                  0003f204    00000024     lwiplib.obj (.text:etharp_free_entry)
                  0003f228    00000024     lwiplib.obj (.text:netif_set_up)
                  0003f24c    00000024     lwiplib.obj (.text:tcp_seg_copy)
                  0003f270    00000022     lwiplib.obj (.text:dhcp_option_short)
                  0003f292    00000022     httpd.obj (.text:http_state_alloc)
                  0003f2b4    00000022     port.obj (.text:pxPortInitialiseStack)
                  0003f2d6    00000022     rtsv7M4_T_le_v4SPD16_eabi.lib : memcmp.obj (.text)
                  0003f2f8    00000022     list.obj (.text:uxListRemove)
                  0003f31a    00000020     config.obj (.text:ConfigIsValidHexDigit)
                  0003f33a    00000002     --HOLE-- [fill = 0]
                  0003f33c    00000020     config.obj (.text:ConfigUpdateAllParameters)
                  0003f35c    00000020     locator.obj (.text:Fill_For_Read_Response)
                  0003f37c    00000020     locator.obj (.text:LocatorCode_Rev_set)
                  0003f39c    00000020     locator.obj (.text:LocatorMACAddrSet)
                  0003f3bc    00000020     serial.obj (.text:SerialUARTEnable)
                  0003f3dc    00000020     lwiplib.obj (.text:autoip_handle_arp_conflict)
                  0003f3fc    00000020     lwiplib.obj (.text:dhcp_option)
                  0003f41c    00000020     lwiplib.obj (.text:etharp_send_ip)
                  0003f43c    00000020     rtsv7M4_T_le_v4SPD16_eabi.lib : u_tofd_t2.obj (.text)
                  0003f45c    00000020     lwiplib.obj (.text:tcp_eff_send_mss)
                  0003f47c    00000020     lwiplib.obj (.text:tcp_tmr)
                  0003f49c    00000020     ustdlib.obj (.text:usprintf)
                  0003f4bc    0000001e     driverlib.lib : emac.obj (.text:EMACAddrGet)
                  0003f4da    0000001e     lwiplib.obj (.text:netif_set_down)
                  0003f4f8    0000001c     modbusRTU.obj (.text:ModbusTimerArm)
                  0003f514    0000001c     modbusRTU.obj (.text:ModbusTimerDisArm)
                  0003f530    0000001c     Status_LED_Task.obj (.text:SysreadyLED_Green)
                  0003f54c    0000001c     telnet.obj (.text:TelnetNotifyLinkStatus)
                  0003f568    0000001c     driverlib.lib : uart.obj (.text:UARTDisable)
                  0003f584    0000001c     Status_LED_Task.obj (.text:WiFiStatus_LED_Off)
                  0003f5a0    0000001c     modbusRTU.obj (.text:WiFi_RTU_ModbusTimer3Arm)
                  0003f5bc    0000001c     modbusRTU.obj (.text:WiFi_RTU_ModbusTimer3DisArm)
                  0003f5d8    0000001c     config.obj (.text:delay1ms)
                  0003f5f4    0000001c     httpd.obj (.text:http_set_ssi_handler)
                  0003f610    0000001c     lwiplib.obj (.text:lwIPLocalMACGet)
                  0003f62c    0000001c     lwiplib.obj (.text:netif_set_addr)
                  0003f648    0000001c     queue.obj (.text:prvIsQueueFull)
                  0003f664    0000001c     lwiplib.obj (.text:udp_new)
                  0003f680    0000001c     port.obj (.text:xPortSysTickHandler)
                  0003f69c    0000001a     config.obj (.text:ConfigRestartHandler)
                  0003f6b6    0000001a     telnet.obj (.text:IPV4_Addr_Make)
                  0003f6d0    0000001a     ringbuf.obj (.text:RingBufFull)
                  0003f6ea    0000001a     uartstdio.obj (.text:UARTprintf)
                  0003f704    0000001a     lwiplib.obj (.text:autoip_network_changed)
                  0003f71e    0000001a     lwiplib.obj (.text:dhcp_arp_reply)
                  0003f738    0000001a     lwiplib.obj (.text:lwip_htonl)
                  0003f752    0000001a     queue.obj (.text:prvIsQueueEmpty)
                  0003f76c    0000001a     rtsv7M4_T_le_v4SPD16_eabi.lib : log.obj (.text)
                  0003f786    0000001a     lwiplib.obj (.text:sys_mbox_post)
                  0003f7a0    0000001a     ustdlib.obj (.text:usnprintf)
                  0003f7ba    00000002     --HOLE-- [fill = 0]
                  0003f7bc    00000018     locator.obj (.text:Read_Conf_Response_Buffer_INI)
                  0003f7d4    00000018     lwiplib.obj (.text:arp_timer)
                  0003f7ec    00000018     lwiplib.obj (.text:autoip_timer)
                  0003f804    00000018     lwiplib.obj (.text:dhcp_timer_coarse)
                  0003f81c    00000018     lwiplib.obj (.text:dhcp_timer_fine)
                  0003f834    00000018     locator.obj (.text:loaddefault)
                  0003f84c    00000018     lwiplib.obj (.text:lwIPPrivateHostTimer)
                  0003f864    00000018     lwiplib.obj (.text:lwIPPrivateLinkTimer)
                  0003f87c    00000018     rtsv7M4_T_le_v4SPD16_eabi.lib : args_main.obj (.text)
                  0003f894    00000018                                   : strcmp.obj (.text)
                  0003f8ac    00000018     locator.obj (.text:send_prepare)
                  0003f8c4    00000018     lwiplib.obj (.text:tcp_next_iss)
                  0003f8dc    00000018     lwiplib.obj (.text:tcp_seg_free)
                  0003f8f4    00000018     list.obj (.text:vListInsertEnd)
                  0003f90c    00000018     tasks.obj (.text:vTaskSetTimeOutState)
                  0003f924    00000018     tasks.obj (.text:xTaskGetTickCount)
                  0003f93c    00000016     driverlib.lib : emac.obj (.text:EMACRxEnable)
                  0003f952    00000016                   : emac.obj (.text:EMACTxEnable)
                  0003f968    00000016     ringbuf.obj (.text:RingBufFlush)
                  0003f97e    00000016     ringbuf.obj (.text:RingBufReadOne)
                  0003f994    00000016     ringbuf.obj (.text:RingBufUsed)
                  0003f9aa    00000016     lwiplib.obj (.text:dhcp_delete_msg)
                  0003f9c0    00000016     lwiplib.obj (.text:dhcp_t1_timeout)
                  0003f9d6    00000016     lwiplib.obj (.text:dhcp_t2_timeout)
                  0003f9ec    00000016     httpd.obj (.text:http_sent)
                  0003fa02    00000016     lwiplib.obj (.text:pbuf_ref)
                  0003fa18    00000016     rtsv7M4_T_le_v4SPD16_eabi.lib : strchr.obj (.text)
                  0003fa2e    00000016     list.obj (.text:vListInitialise)
                  0003fa44    00000014     modbusTCP.obj (.text:CheckModbusTCPStatemachine)
                  0003fa58    00000014     driverlib.lib : eeprom.obj (.text:EEPROMSizeGet)
                  0003fa6c    00000014     locator.obj (.text:Fill_Array_For_Read_Response)
                  0003fa80    00000014     driverlib.lib : flash.obj (.text:FlashUserGet)
                  0003fa94    00000014     serial.obj (.text:GetRFC2217Value)
                  0003faa8    00000014     serial.obj (.text:SerialSetDefault)
                  0003fabc    00000014     driverlib.lib : systick.obj (.text:SysTickDisable)
                  0003fad0    00000014                   : systick.obj (.text:SysTickIntDisable)
                  0003fae4    00000014                   : timer.obj (.text:TimerDisable)
                  0003faf8    00000014     httpd.obj (.text:http_set_cgi_handlers)
                  0003fb0c    00000014     lwiplib.obj (.text:lwip_init)
                  0003fb20    00000014     port.obj (.text:prvSetupTimerInterrupt)
                  0003fb34    00000014     rtsv7M4_T_le_v4SPD16_eabi.lib : _lock.obj (.text)
                  0003fb48    00000014                                   : strcpy.obj (.text)
                  0003fb5c    00000014                                   : strlen.obj (.text)
                  0003fb70    00000014     lwiplib.obj (.text:tcp_close)
                  0003fb84    00000014     port.obj (.text:vPortEnterCritical)
                  0003fb98    00000014     port.obj (.text:vPortExitCritical)
                  0003fbac    00000012     driverlib.lib : gpio.obj (.text:GPIOPinTypeEthernetLED)
                  0003fbbe    00000012                   : gpio.obj (.text:GPIOPinTypePWM)
                  0003fbd0    00000012                   : gpio.obj (.text:GPIOPinTypeUART)
                  0003fbe2    00000012     ringbuf.obj (.text:RingBufFree)
                  0003fbf4    00000012     driverlib.lib : timer.obj (.text:TimerLoadSet)
                  0003fc06    00000012     lwiplib.obj (.text:dhcp_option_byte)
                  0003fc18    00000012     lwiplib.obj (.text:netif_set_link_down)
                  0003fc2a    00000012     lwiplib.obj (.text:pbuf_clen)
                  0003fc3c    00000012     tasks.obj (.text:prvDeleteTCB)
                  0003fc4e    00000012     lwiplib.obj (.text:tcp_segs_free)
                  0003fc60    00000010     eeprom_pb.obj (.text:EEPROMPBGet)
                  0003fc70    00000010     driverlib.lib : emac.obj (.text:EMACFrameFilterSet)
                  0003fc80    00000010     ringbuf.obj (.text:RingBufWriteOne)
                  0003fc90    00000010     serial.obj (.text:SerialGetFlowControl)
                  0003fca0    00000010     serial.obj (.text:SerialGetTransitMode)
                  0003fcb0    00000010     serial.obj (.text:SerialReceiveAvailable)
                  0003fcc0    00000010     serial.obj (.text:SerialSendFull)
                  0003fcd0    00000010     driverlib.lib : sysctl.obj (.text:SysCtlReset)
                  0003fce0    00000010                   : eeprom.obj (.text:_EEPROMWaitForDone)
                  0003fcf0    00000010     lwiplib.obj (.text:autoip_stop)
                  0003fd00    00000010     config.obj (.text:delayms)
                  0003fd10    00000010     lwiplib.obj (.text:dhcp_set_state)
                  0003fd20    00000010     lwiplib.obj (.text:inet_chksum)
                  0003fd30    00000010     lwiplib.obj (.text:pbuf_chain)
                  0003fd40    00000010     lwiplib.obj (.text:sys_sem_signal)
                  0003fd50    00000010     port.obj (.text:vPortYield)
                  0003fd60    00000010     port.obj (.text:vPortYieldFromISR)
                  0003fd70    00000010     tasks.obj (.text:vTaskSuspendAll)
                  0003fd80    0000000e     ringbuf.obj (.text:RingBufEmpty)
                  0003fd8e    0000000e     driverlib.lib : timer.obj (.text:TimerEnable)
                  0003fd9c    0000000e     rtsv7M4_T_le_v4SPD16_eabi.lib : copy_decompress_none.obj (.text:decompress:none)
                  0003fdaa    0000000c     driverlib.lib : cpu.obj (.text:CPUcpsid)
                  0003fdb6    0000000c                   : cpu.obj (.text:CPUcpsie)
                  0003fdc2    00000002     --HOLE-- [fill = 0]
                  0003fdc4    0000000c     serial.obj (.text:GetNetChannel)
                  0003fdd0    0000000c     serial.obj (.text:GetWifiMode)
                  0003fddc    0000000c     driverlib.lib : pwm.obj (.text:PWMGenDisable)
                  0003fde8    0000000c                   : pwm.obj (.text:PWMGenEnable)
                  0003fdf4    0000000c     modbusRTU.obj (.text:ResetModbusRTUStatemachine)
                  0003fe00    0000000c     modbusTCP.obj (.text:ResetModbusTCPStatemachine)
                  0003fe0c    0000000c     ringbuf.obj (.text:RingBufInit)
                  0003fe18    0000000c     modbusRTU.obj (.text:SetInitModbusRTUStatemachine)
                  0003fe24    0000000c     lwip_task.obj (.text:SoftwareUpdateRequestCallback)
                  0003fe30    0000000c     driverlib.lib : uart.obj (.text:UARTCharsAvail)
                  0003fe3c    0000000c                   : uart.obj (.text:UARTSpaceAvail)
                  0003fe48    0000000c     serial.obj (.text:WIFIGetSTAConnType)
                  0003fe54    0000000c     serial.obj (.text:WIFIGetWIFIChannelMode)
                  0003fe60    0000000c     serial.obj (.text:WIFIGetWIFIDHCPType)
                  0003fe6c    0000000c     lwiplib.obj (.text:autoip_restart)
                  0003fe78    0000000c     rtsv7M4_T_le_v4SPD16_eabi.lib : copy_zero_init.obj (.text:decompress:ZI)
                  0003fe84    0000000c     httpd.obj (.text:httpd_init)
                  0003fe90    0000000c     lwiplib.obj (.text:lwip_htons)
                  0003fe9c    0000000c     lwiplib.obj (.text:netif_set_default)
                  0003fea8    0000000c     lwiplib.obj (.text:netif_set_gw)
                  0003feb4    0000000c     lwiplib.obj (.text:netif_set_netmask)
                  0003fec0    0000000c     tasks.obj (.text:prvIdleTask)
                  0003fecc    0000000c     tasks.obj (.text:vTaskMissedYield)
                  0003fed8    0000000c     tasks.obj (.text:xTaskGetCurrentTaskHandle)
                  0003fee4    0000000a     driverlib.lib : interrupt.obj (.text:IntMasterDisable)
                  0003feee    0000000a                   : interrupt.obj (.text:IntMasterEnable)
                  0003fef8    0000000a                   : uart.obj (.text:UARTCharGet)
                  0003ff02    0000000a                   : uart.obj (.text:UARTCharPut)
                  0003ff0c    0000000a                   : uart.obj (.text:UARTIntDisable)
                  0003ff16    0000000a                   : uart.obj (.text:UARTIntStatus)
                  0003ff20    0000000a     lwiplib.obj (.text:sys_arch_protect)
                  0003ff2a    0000000a     lwiplib.obj (.text:sys_mbox_valid)
                  0003ff34    0000000a     lwiplib.obj (.text:tcp_poll)
                  0003ff3e    00000008     driverlib.lib : emac.obj (.text:EMACTxDMAPollDemand)
                  0003ff46    00000008     telnet.obj (.text:TelnetSent)
                  0003ff4e    00000008     driverlib.lib : timer.obj (.text:TimerIntEnable)
                  0003ff56    00000008                   : uart.obj (.text:UARTBusy)
                  0003ff5e    00000008                   : uart.obj (.text:UARTIntEnable)
                  0003ff66    00000008     enet_fs.obj (.text:fs_bytes_left)
                  0003ff6e    00000008     httpd.obj (.text:http_err)
                  0003ff76    00000008     lwiplib.obj (.text:icmp_dest_unreach)
                  0003ff7e    00000006     driverlib.lib : emac.obj (.text:EMACRxDMADescriptorListSet)
                  0003ff84    00000006                   : emac.obj (.text:EMACTimestampIntStatus)
                  0003ff8a    00000006                   : emac.obj (.text:EMACTxDMADescriptorListSet)
                  0003ff90    00000006                   : gpio.obj (.text:GPIOPinRead)
                  0003ff96    00000006                   : gpio.obj (.text:GPIOPinWrite)
                  0003ff9c    00000006     startup_ccs.obj (.text:ResetISR)
                  0003ffa2    00000006     serial_task.obj (.text:SerialPort0IntHandler)
                  0003ffa8    00000006     serial_task.obj (.text:SerialPort1IntHandler)
                  0003ffae    00000006     serial_task.obj (.text:SerialPort2IntHandler)
                  0003ffb4    00000006     driverlib.lib : sysctl.obj (.text:SysCtlDelay)
                  0003ffba    00000006     rtsv7M4_T_le_v4SPD16_eabi.lib : copy_decompress_rle.obj (.text:decompress:rle24)
                  0003ffc0    00000006     lwiplib.obj (.text:tcp_abort)
                  0003ffc6    00000006     lwiplib.obj (.text:tcp_accept_null)
                  0003ffcc    00000006     lwiplib.obj (.text:tcp_err)
                  0003ffd2    00000006     lwiplib.obj (.text:tcp_new)
                  0003ffd8    00000006     lwiplib.obj (.text:tcp_recv)
                  0003ffde    00000006     lwiplib.obj (.text:udp_recv)
                  0003ffe4    00000006     list.obj (.text:vListInitialiseItem)
                  0003ffea    00000004     driverlib.lib : timer.obj (.text:TimerIntClear)
                  0003ffee    00000004                   : uart.obj (.text:UARTIntClear)
                  0003fff2    00000004     enet_fs.obj (.text:fs_close)
                  0003fff6    00000004     lwiplib.obj (.text:pbuf_free_ooseq_callback)
                  0003fffa    00000004     rtsv7M4_T_le_v4SPD16_eabi.lib : pre_init.obj (.text)
                  0003fffe    00000004     lwiplib.obj (.text:sys_arch_unprotect)
                  00040002    00000004     lwiplib.obj (.text:tcp_accept)
                  00040006    00000004     lwiplib.obj (.text:tcp_arg)
                  0004000a    00000004     lwiplib.obj (.text:tcp_sent)
                  0004000e    00000004     lwiplib.obj (.text:tcp_setprio)

.cinit     0    00040018    00000320     
                  00040018    000002f9     (.cinit..data.load) [load image, compression = rle]
                  00040311    00000003     --HOLE-- [fill = 0]
                  00040314    0000000c     (__TI_handler_table)
                  00040320    00000008     (.cinit..bss.load) [load image, compression = zero_init]
                  00040328    00000010     (__TI_cinit_table)

.init_array 
*          0    00000000    00000000     UNINITIALIZED

.bss       0    20000000    0002ac90     UNINITIALIZED
                  20000000    0001001c     lwiplib.obj (.bss:ram_heap)
                  2001001c    0000d414     lwiplib.obj (.bss:memp_memory)
                  2001d430    00004f10     heap_2.obj (.bss:ucHeap)
                  20022340    00000800     serial.obj (.bss:Data_From_COM1_To_LAN_Buffer)
                  20022b40    00000800     serial.obj (.bss:Data_From_COM2_To_LAN_Buffer)
                  20023340    00000800     serial.obj (.bss:Data_From_COM_To_LAN_Buffer)
                  20023b40    00000800     eeprom_pb.obj (.bss:g_pui32EEPROMPBShadowBuffer)
                  20024340    00000800     serial.obj (.bss:g_pui8RX0Buffer)
                  20024b40    00000800     serial.obj (.bss:g_pui8RX1Buffer)
                  20025340    00000800     serial.obj (.bss:g_pui8RX2Buffer)
                  20025b40    00000800     serial.obj (.bss:g_pui8TX0Buffer)
                  20026340    00000800     serial.obj (.bss:g_pui8TX1Buffer)
                  20026b40    00000800     serial.obj (.bss:g_pui8TX2Buffer)
                  20027340    00000800     serial.obj (.bss:wifi_pageui8RXBuffer)
                  20027b40    00000800     serial.obj (.bss:wifi_pageui8TXBuffer)
                  20028340    00000400     modbusRTU.obj (.bss:g_mbapRTU)
                  20028740    00000400     telnet.obj (.bss:pui8Temp$1)
                  20028b40    00000400     telnet.obj (.bss:pui8Temp$2)
                  20028f40    00000400     telnet.obj (.bss:pui8Temp$3)
                  20029340    00000360     lwiplib.obj (.bss:g_pTxDescriptors)
                  200296a0    00000360     telnet.obj (.bss:g_sTelnetSession)
                  20029a00    00000220     lwiplib.obj (.bss:mboxes)
                  20029c20    00000168     config.obj (.bss:g_sParameters)
                  20029d88    00000168     config.obj (.bss:g_sWorkingDefaultParameters)
                  20029ef0    00000154     lwiplib.obj (.bss:lwip_stats)
                  2002a044    00000140     tasks.obj (.bss:pxReadyTasksLists)
                  2002a184    0000013c     microchipWiFi.obj (.bss:WiFi_SSID_temp)
                  2002a2c0    00000120     lwiplib.obj (.bss:g_pRxDescriptors)
                  2002a3e0    00000108     modbusTCP.obj (.bss:g_mbapADU)
                  2002a4e8    00000100     locator.obj (.bss:g_pui8_Read_Conf_Response)
                  2002a5e8    00000100     modbusRTU.obj (.bss:pui8TempRTU)
                  2002a6e8    000000c8     lwiplib.obj (.bss:arp_table)
                  2002a7b0    00000088     lwiplib.obj (.bss:mbox)
                  2002a838    00000070     config.obj (.bss:ResponseFromWiFi_IP)
                  2002a8a8    00000050     lwiplib.obj (.bss:threads)
                  2002a8f8    00000038     lwiplib.obj (.bss:g_sNetIF)
                  2002a930    00000030     serial.obj (.bss:g_sRxBuf)
                  2002a960    00000030     serial.obj (.bss:g_sTxBuf)
                  2002a990    00000030     lwiplib.obj (.bss:sems)
                  2002a9c0    00000028     lwiplib.obj (.bss:dhcp_rx_options_val)
                  2002a9e8    00000028     lwiplib.obj (.bss:memp_tab)
                  2002aa10    00000024     locator.obj (.bss:g_pui8LocatorData)
                  2002aa34    00000014     (.common:xDelayedTaskList1)
                  2002aa48    00000014     (.common:xDelayedTaskList2)
                  2002aa5c    00000014     (.common:xPendingReadyList)
                  2002aa70    00000014     (.common:xSuspendedTaskList)
                  2002aa84    00000014     (.common:xTasksWaitingTermination)
                  2002aa98    00000010     (.common:Data_From_COM1_To_LAN)
                  2002aaa8    00000010     (.common:Data_From_COM2_To_LAN)
                  2002aab8    00000010     (.common:Data_From_COM_To_LAN)
                  2002aac8    00000010     (.common:RSSI)
                  2002aad8    00000010     (.common:inseg)
                  2002aae8    00000010     (.common:securitymode)
                  2002aaf8    00000010     (.common:wifi_pageRxBuf)
                  2002ab08    00000010     (.common:wifi_pageTxBuf)
                  2002ab18    0000000c     (.common:dhcp_rx_options_given)
                  2002ab24    0000000c     (.common:mem_mutex)
                  2002ab30    00000008     (.common:g_mbapADULength)
                  2002ab38    00000008     (.common:g_pui8MACAddr)
                  2002ab40    00000008     (.common:xEnd)
                  2002ab48    00000008     (.common:xStart)
                  2002ab50    00000004     (.common:UDPpcb)
                  2002ab54    00000004     (.common:WiFiDynamicIP)
                  2002ab58    00000004     (.common:ackno)
                  2002ab5c    00000004     (.common:current_header)
                  2002ab60    00000004     (.common:current_iphdr_dest)
                  2002ab64    00000004     (.common:current_iphdr_src)
                  2002ab68    00000004     (.common:current_netif)
                  2002ab6c    00000004     (.common:g_QueSerial)
                  2002ab70    00000004     (.common:g_QueWiFiCMD)
                  2002ab74    00000004     (.common:g_QueWiFiDataBack)
                  2002ab78    00000004     (.common:g_Que_TI_Master_to_Slave)
                  2002ab7c    00000004     (.common:g_Que_TI_Master_to_Slave1)
                  2002ab80    00000004     (.common:g_Que_TI_Master_to_Slave2)
                  2002ab84    00000004     (.common:g_crcRTU)
                  2002ab88    00000004     (.common:g_dataLength)
                  2002ab8c    00000004     (.common:g_datarecv)
                  2002ab90    00000004     (.common:g_iNumCGIs)
                  2002ab94    00000004     (.common:g_mbapProtocolIdentifier)
                  2002ab98    00000004     (.common:g_mbapTransactionIdentifier)
                  2002ab9c    00000004     (.common:g_pCGIs)
                  2002aba0    00000004     (.common:g_pInterrupt)
                  2002aba4    00000004     (.common:g_pfnTimerHandler)
                  2002aba8    00000004     (.common:g_psDefaultParameters)
                  2002abac    00000004     (.common:g_pui8EEPROMPBCurrent)
                  2002abb0    00000004     (.common:g_pui8_Response_4Byt)
                  2002abb4    00000004     (.common:g_serialRecvCount)
                  2002abb8    00000004     (.common:g_ui32AbnormalInts)
                  2002abbc    00000004     (.common:g_ui32EEPROMPBSize)
                  2002abc0    00000004     (.common:g_ui32EEPROMPBStart)
                  2002abc4    00000004     (.common:g_ui32GWAddr)
                  2002abc8    00000004     (.common:g_ui32IPAddr)
                  2002abcc    00000004     (.common:g_ui32IPAddress)
                  2002abd0    00000004     (.common:g_ui32IPAddress)
                  2002abd4    00000004     (.common:g_ui32NetMask)
                  2002abd8    00000004     (.common:g_ui32NormalInts)
                  2002abdc    00000004     (.common:g_ui32SysClock)
                  2002abe0    00000004     (.common:iphdr)
                  2002abe4    00000004     (.common:lfree)
                  2002abe8    00000004     (.common:netif_default)
                  2002abec    00000004     (.common:netif_list)
                  2002abf0    00000004     (.common:next_timeout)
                  2002abf4    00000004     (.common:pxDelayedTaskList)
                  2002abf8    00000004     (.common:pxOverflowDelayedTaskList)
                  2002abfc    00000004     (.common:ram)
                  2002ac00    00000004     (.common:ram_end)
                  2002ac04    00000004     (.common:raw_pcbs)
                  2002ac08    00000004     (.common:recv_data)
                  2002ac0c    00000004     (.common:seqno)
                  2002ac10    00000004     (.common:tcp_active_pcbs)
                  2002ac14    00000004     (.common:tcp_bound_pcbs)
                  2002ac18    00000004     (.common:tcp_input_pcb)
                  2002ac1c    00000004     (.common:tcp_listen_pcbs)
                  2002ac20    00000004     (.common:tcp_ticks)
                  2002ac24    00000004     (.common:tcp_tmp_pcb)
                  2002ac28    00000004     (.common:tcp_tw_pcbs)
                  2002ac2c    00000004     (.common:tcphdr)
                  2002ac30    00000004     (.common:tcpip_init_done)
                  2002ac34    00000004     (.common:tcpip_init_done_arg)
                  2002ac38    00000004     (.common:tcpip_tcp_timer_active)
                  2002ac3c    00000004     (.common:udp_pcbs)
                  2002ac40    00000002     (.common:I_cmd)
                  2002ac42    00000002     (.common:cnt_debug0)
                  2002ac44    00000002     (.common:ip_id)
                  2002ac46    00000002     (.common:tcplen)
                  2002ac48    00000001     (.common:Check_Error)
                  2002ac49    00000001     (.common:GetWiFi_IP_CMD_Executing)
                  2002ac4a    00000001     (.common:LAN_to_COM_TX_Finish)
                  2002ac4b    00000001     (.common:Mosbus_RTU_SUPPORT)
                  2002ac4c    00000001     (.common:PWR_OK_Flag)
                  2002ac4d    00000001     (.common:Qty_send)
                  2002ac4e    00000001     (.common:Response_UDP_CMD_sendtoWiFi)
                  2002ac4f    00000001     (.common:Scaned_AP_Num)
                  2002ac50    00000001     (.common:Switch_LAN_to_COM)
                  2002ac51    00000001     (.common:Switch_WiFi_to_COM)
                  2002ac52    00000001     (.common:TCPChar_Status)
                  2002ac53    00000001     (.common:TCP_close_processing)
                  2002ac54    00000001     (.common:Webpage_Visit_Req)
                  2002ac55    00000001     (.common:WiFiLEDflashtime)
                  2002ac56    00000001     (.common:WiFi_Assistant_Set_flag)
                  2002ac57    00000001     (.common:WiFi_Origin_TCP_Status)
                  2002ac58    00000001     (.common:WiFi_Raw_TCP_Status)
                  2002ac59    00000001     (.common:WiFi_Status_Retval)
                  2002ac5a    00000001     (.common:WiFi_TCP_connected)
                  2002ac5b    00000001     (.common:WiFi_to_COM_TX_Finish)
                  2002ac5c    00000001     (.common:WiFly_Webaccess_Ready)
                  2002ac5d    00000001     (.common:Wifly_Acc)
                  2002ac5e    00000001     (.common:Wifly_modname_modify)
                  2002ac5f    00000001     (.common:cnt_data_for_get_len)
                  2002ac60    00000001     (.common:cnt_data_or_web_request)
                  2002ac61    00000001     (.common:etharp_cached_entry)
                  2002ac62    00000001     (.common:flags)
                  2002ac63    00000001     (.common:g_WiFi_RTU_enableTimer)
                  2002ac64    00000001     (.common:g_bFirmwareUpdate)
                  2002ac65    00000001     (.common:g_enableTimer)
                  2002ac66    00000001     (.common:g_frameDataCount)
                  2002ac67    00000001     (.common:g_frameDataCount2)
                  2002ac68    00000001     (.common:g_frameLengthRTU)
                  2002ac69    00000001     (.common:g_frameLengthRTU2)
                  2002ac6a    00000001     (.common:g_funcIDRTU)
                  2002ac6b    00000001     (.common:g_funcIDRTU2)
                  2002ac6c    00000001     (.common:g_highCrcbyte)
                  2002ac6d    00000001     (.common:g_highCrcbyte_TI_Master)
                  2002ac6e    00000001     (.common:g_lowCrcbyte)
                  2002ac6f    00000001     (.common:g_lowCrcbyte_TI_Master)
                  2002ac70    00000001     (.common:g_mbapFunctionId)
                  2002ac71    00000001     (.common:g_mbapSlaveAddress)
                  2002ac72    00000001     (.common:g_slaveAddressRTU)
                  2002ac73    00000001     (.common:g_time3Out)
                  2002ac74    00000001     (.common:g_timeOut)
                  2002ac75    00000001     (.common:g_ui8UpdateRequired)
                  2002ac76    00000001     (.common:i32IndexRTU)
                  2002ac77    00000001     (.common:locator_scan)
                  2002ac78    00000001     (.common:modbusRTUState)
                  2002ac79    00000001     (.common:modbusRTUState2)
                  2002ac7a    00000001     (.common:modbusRTUState3)
                  2002ac7b    00000001     (.common:modbusRTUState_LAN)
                  2002ac7c    00000001     (.common:modbusState)
                  2002ac7d    00000001     (.common:netif_num)
                  2002ac7e    00000001     (.common:pbuf_free_ooseq_pending)
                  2002ac7f    00000001     (.common:previous_char)
                  2002ac80    00000001     (.common:rec_char_status)
                  2002ac81    00000001     (.common:recv_flags)
                  2002ac82    00000001     (.common:rxdata_receiving)
                  2002ac83    00000001     (.common:slave_data_rdy_syn)
                  2002ac84    00000001     (.common:tcp_active_pcbs_changed)
                  2002ac85    00000001     (.common:tcp_timer)
                  2002ac86    00000001     (.common:tcp_timer_ctr)
                  2002ac87    00000001     (.common:txdata_sending)
                  2002ac88    00000001     (.common:ui8PreviousCMD)
                  2002ac89    00000001     (.common:wifiCMD_Executing)
                  2002ac8a    00000001     (.common:wifi_app_CMD_processing)
                  2002ac8b    00000001     (.common:wifi_restoring)
                  2002ac8c    00000001     (.common:wifi_sendpage)
                  2002ac8d    00000001     (.common:wificmd_processing_flag)
                  2002ac8e    00000001     (.common:wifidataavail_flag)
                  2002ac8f    00000001     (.common:wifiini_flag)

.TI.noinit 
*          0    20000000    00000000     UNINITIALIZED

.stack     0    2002ac90    00001000     UNINITIALIZED
                  2002ac90    00001000     --HOLE--

.data      0    2002bc90    000004cc     UNINITIALIZED
                  2002bc90    000001f8     config.obj (.data:g_pcConfigSSITags)
                  2002be88    000000b0     rtsv7M4_T_le_v4SPD16_eabi.lib : signal.obj (.data:sigtable)
                  2002bf38    00000080                                   : xvalues.obj (.data)
                  2002bfb8    00000068                                   : xfvalues.obj (.data)
                  2002c020    00000050     config.obj (.data:Sec_Mode_Tab)
                  2002c070    00000040     lwiplib.obj (.data)
                  2002c0b0    00000030     tasks.obj (.data)
                  2002c0e0    00000015     config.obj (.data)
                  2002c0f5    00000003     --HOLE--
                  2002c0f8    00000010     httpd.obj (.data)
                  2002c108    0000000c     serial.obj (.data)
                  2002c114    00000008     heap_2.obj (.data)
                  2002c11c    00000008     rtsv7M4_T_le_v4SPD16_eabi.lib : _lock.obj (.data)
                  2002c124    00000008                                   : exit.obj (.data)
                  2002c12c    00000008                                   : feraiseexcept.obj (.data)
                  2002c134    00000008     swupdate.obj (.data)
                  2002c13c    00000005     lwip_task.obj (.data)
                  2002c141    00000003     --HOLE--
                  2002c144    00000005     uartstdio.obj (.data)
                  2002c149    00000003     --HOLE--
                  2002c14c    00000004     modbusRTU.obj (.data)
                  2002c150    00000004     port.obj (.data)
                  2002c154    00000004     rtsv7M4_T_le_v4SPD16_eabi.lib : errno.obj (.data)
                  2002c158    00000004                                   : stkdepth_vars.obj (.data)

.TI.persistent 
*          0    2002bc90    00000000     UNINITIALIZED


LINKER GENERATED COPY TABLES

__TI_cinit_table @ 00040328 records: 2, size/record: 8, table size: 16
	.data: load addr=00040018, load size=000002f9 bytes, run addr=2002bc90, run size=000004cc bytes, compression=rle
	.bss: load addr=00040320, load size=00000008 bytes, run addr=20000000, run size=0002ac90 bytes, compression=zero_init


LINKER GENERATED HANDLER TABLE

__TI_handler_table @ 00040314 records: 3, size/record: 4, table size: 12
	index: 0, handler: __TI_decompress_rle24
	index: 1, handler: __TI_decompress_none
	index: 2, handler: __TI_zero_init


GLOBAL SYMBOLS: SORTED ALPHABETICALLY BY Name 

address   name                                 
-------   ----                                 
2002c0e5  APPW_NULL                            
0003e241  AllStatusLEDoff                      
0003db31  C$$EXIT                              
0003d441  COMPAR_MAC_ADDR                      
0003c8c5  COM_1_WiFiTaskInit                   
0003c919  COM_2_WiFiTaskInit                   
000366cd  COM_Data_In_Handle_Direct            
0003aa45  COM_Data_In_Processing_Not_TCPChar   
0003cc5d  COM_Data_Out_Sending_Not_TCPChar     
00039731  COM_RX_LED_Red                       
000397c9  COM_TX_LED_Green                     
0003c96d  COM_WiFiTaskInit                     
0003fdab  CPUcpsid                             
0003fdb7  CPUcpsie                             
0003c221  CRC_CheckOK                          
0003d955  Cal_CRC_and_append                   
0003fa45  CheckModbusTCPStatemachine           
2002ac48  Check_Error                          
0003b56d  ConfigGetCGIIPAddr                   
0003b645  ConfigInit                           
0003eced  ConfigLoad                           
0003ed19  ConfigLoadFactory                    
0002bcd1  ConfigSSIHandler                     
0003f175  ConfigSave                           
0003f33d  ConfigUpdateAllParameters            
0003e551  ConfigUpdateIPAddress                
0003bc5d  ConfigUpdatePortParameters           
0003e9c5  ConfigWebInit                        
000345bd  DataResponse_Fill_for_Read_Config    
2002aa98  Data_From_COM1_To_LAN                
2002aaa8  Data_From_COM2_To_LAN                
2002aab8  Data_From_COM_To_LAN                 
0002e531  Decode_Command                       
0003ded9  EEPROMInit                           
0003fc61  EEPROMPBGet                          
0003c559  EEPROMPBInit                         
00038af5  EEPROMPBSave                         
00037e61  EEPROMProgram                        
0003e585  EEPROMRead                           
0003fa59  EEPROMSizeGet                        
0003f4bd  EMACAddrGet                          
0003e5b9  EMACConfigGet                        
0003e5ed  EMACConfigSet                        
0003fc71  EMACFrameFilterSet                   
0003e621  EMACIntClear                         
0003e205  EMACIntEnable                        
0003ed45  EMACIntStatus                        
0003f069  EMACPHYRead                          
0003f08f  EMACPHYWrite                         
0003ff7f  EMACRxDMADescriptorListSet           
0003f93d  EMACRxEnable                         
0003ff85  EMACTimestampIntStatus               
0003ff8b  EMACTxDMADescriptorListSet           
0003ff3f  EMACTxDMAPollDemand                  
0003f953  EMACTxEnable                         
0003fa6d  Fill_Array_For_Read_Response         
0003f35d  Fill_For_Read_Response               
0003ed71  Fill_to_u32_Read_Response            
00027bb8  Firmware_Rev                         
0003fa81  FlashUserGet                         
0003eefb  GPIODirModeSet                       
0003574d  GPIOPadConfigSet                     
0003d4d9  GPIOPinConfigure                     
0003ff91  GPIOPinRead                          
0003fbad  GPIOPinTypeEthernetLED               
0003fbbf  GPIOPinTypePWM                       
0003fbd1  GPIOPinTypeUART                      
0003ff97  GPIOPinWrite                         
0003efa1  GetModbusValue                       
0003fdc5  GetNetChannel                        
0003fa95  GetRFC2217Value                      
[...]
0003e5b9  EMACConfigGet                        
0003e5ed  EMACConfigSet                        
0003e621  EMACIntClear                         
0003e655  SerialGetStopBits                    
0003e689  SoftwareUpdateBegin                  
0003e6bd  SysCtlPeripheralEnable               
0003e759  clearRX_ringbuffer                   
0003e7c1  feraiseexcept                        
0003e7f5  strstr                               
0003e85d  tcp_timer_needed                     
0003e891  tivaif_init                          
0003e8c5  udp_sendto                           
0003e8f9  vTaskDelay                           
0003e92d  restore_call                         
0003e961  ip4_addr_isbroadcast                 
0003e993  tcp_recved                           
0003e9c5  ConfigWebInit                        
0003ea25  RS485_TxEnable                       
0003ea85  User_Check                           
0003eab5  fs_read                              
0003eb45  strncpy                              
0003eb75  _Feraise                             
0003eba5  tcp_update_rcv_ann_wnd               
0003ebd5  udp_remove                           
0003ec61  __aeabi_i2d                          
0003ec8f  raise                                
0003ecbd  tcp_rexmit_rto                       
0003eced  ConfigLoad                           
0003ed19  ConfigLoadFactory                    
0003ed45  EMACIntStatus                        
0003ed71  Fill_to_u32_Read_Response            
0003edf5  etharp_request                       
0003ee21  lwIPLocalIPAddrGet                   
0003ee4d  lwIPNetworkConfigChange              
0003eea5  sys_mbox_trypost                     
0003eefb  GPIODirModeSet                       
0003ef4f  ustrncpy                             
0003efa1  GetModbusValue                       
0003efc9  LocatorIPAddrset                     
0003eff1  etharp_cleanup_netif                 
0003f019  pbuf_cat                             
0003f069  EMACPHYRead                          
0003f08f  EMACPHYWrite                         
0003f0b5  UARTConfigGetExpClk                  
0003f127  strncmp                              
0003f14d  tcp_recv_null                        
0003f175  ConfigSave                           
0003f199  Port0_Paras_Set                      
0003f1bd  Port1_Paras_Set                      
0003f1e1  SetBasicParas                        
0003f229  netif_set_up                         
0003f24d  tcp_seg_copy                         
0003f2b5  pxPortInitialiseStack                
0003f2d7  memcmp                               
0003f2f9  uxListRemove                         
0003f33d  ConfigUpdateAllParameters            
0003f35d  Fill_For_Read_Response               
0003f37d  LocatorCode_Rev_set                  
0003f39d  LocatorMACAddrSet                    
0003f43d  __aeabi_ui2d                         
0003f45d  tcp_eff_send_mss                     
0003f47d  tcp_tmr                              
0003f49d  usprintf                             
0003f4bd  EMACAddrGet                          
0003f4db  netif_set_down                       
0003f4f9  ModbusTimerArm                       
0003f515  ModbusTimerDisArm                    
0003f531  SysreadyLED_Green                    
0003f54d  TelnetNotifyLinkStatus               
0003f569  UARTDisable                          
0003f585  WiFiStatus_LED_Off                   
0003f5a1  WiFi_RTU_ModbusTimer3Arm             
0003f5bd  WiFi_RTU_ModbusTimer3DisArm          
0003f5d9  delay1ms                             
0003f5f5  http_set_ssi_handler                 
0003f611  lwIPLocalMACGet                      
0003f62d  netif_set_addr                       
0003f665  udp_new                              
0003f681  xPortSysTickHandler                  
0003f6b7  IPV4_Addr_Make                       
0003f6d1  RingBufFull                          
0003f6eb  UARTprintf                           
0003f705  autoip_network_changed               
0003f71f  dhcp_arp_reply                       
0003f739  lwip_htonl                           
0003f739  lwip_ntohl                           
0003f76d  log                                  
0003f787  sys_mbox_post                        
0003f7a1  usnprintf                            
0003f7bd  Read_Conf_Response_Buffer_INI        
0003f835  loaddefault                          
0003f87d  _args_main                           
0003f895  strcmp                               
0003f8ad  send_prepare                         
0003f8c5  tcp_next_iss                         
0003f8dd  tcp_seg_free                         
0003f8f5  vListInsertEnd                       
0003f90d  vTaskSetTimeOutState                 
0003f925  xTaskGetTickCount                    
0003f93d  EMACRxEnable                         
0003f953  EMACTxEnable                         
0003f969  RingBufFlush                         
0003f97f  RingBufReadOne                       
0003f995  RingBufUsed                          
0003fa03  pbuf_ref                             
0003fa19  strchr                               
0003fa2f  vListInitialise                      
0003fa45  CheckModbusTCPStatemachine           
0003fa59  EEPROMSizeGet                        
0003fa6d  Fill_Array_For_Read_Response         
0003fa81  FlashUserGet                         
0003fa95  GetRFC2217Value                      
0003faa9  SerialSetDefault                     
0003fabd  SysTickDisable                       
0003fad1  SysTickIntDisable                    
0003fae5  TimerDisable                         
0003faf9  http_set_cgi_handlers                
0003fb0d  lwip_init                            
0003fb35  _register_unlock                     
0003fb3b  _register_lock                       
0003fb43  _nop                                 
0003fb49  strcpy                               
0003fb5d  strlen                               
0003fb71  tcp_close                            
0003fb85  vPortEnterCritical                   
0003fb99  vPortExitCritical                    
0003fbad  GPIOPinTypeEthernetLED               
0003fbbf  GPIOPinTypePWM                       
0003fbd1  GPIOPinTypeUART                      
0003fbe3  RingBufFree                          
0003fbf5  TimerLoadSet                         
0003fc19  netif_set_link_down                  
0003fc2b  pbuf_clen                            
0003fc4f  tcp_segs_free                        
0003fc61  EEPROMPBGet                          
0003fc71  EMACFrameFilterSet                   
0003fc81  RingBufWriteOne                      
0003fc91  SerialGetFlowControl                 
0003fca1  SerialGetTransitMode                 
0003fcb1  SerialReceiveAvailable               
0003fcc1  SerialSendFull                       
0003fcd1  SysCtlReset                          
0003fcf1  autoip_stop                          
0003fd01  delayms                              
0003fd21  inet_chksum                          
0003fd31  pbuf_chain                           
0003fd41  sys_sem_signal                       
0003fd51  vPortYield                           
0003fd61  vPortYieldFromISR                    
0003fd71  vTaskSuspendAll                      
0003fd81  RingBufEmpty                         
0003fd8f  TimerEnable                          
0003fd9d  __TI_decompress_none                 
0003fdab  CPUcpsid                             
0003fdb7  CPUcpsie                             
0003fdc5  GetNetChannel                        
0003fdd1  GetWifiMode                          
0003fddd  PWMGenDisable                        
0003fde9  PWMGenEnable                         
0003fdf5  ResetModbusRTUStatemachine           
0003fe01  ResetModbusTCPStatemachine           
0003fe0d  RingBufInit                          
0003fe19  SetInitModbusRTUStatemachine         
0003fe25  SoftwareUpdateRequestCallback        
0003fe31  UARTCharsAvail                       
0003fe3d  UARTSpaceAvail                       
0003fe49  WIFIGetSTAConnType                   
0003fe55  WIFIGetWIFIChannelMode               
0003fe61  WIFIGetWIFIDHCPType                  
0003fe79  __TI_zero_init                       
0003fe85  httpd_init                           
0003fe91  lwip_htons                           
0003fe91  lwip_ntohs                           
0003fe9d  netif_set_default                    
0003fea9  netif_set_gw                         
0003feb5  netif_set_netmask                    
0003fecd  vTaskMissedYield                     
0003fed9  xTaskGetCurrentTaskHandle            
0003fee5  IntMasterDisable                     
0003feef  IntMasterEnable                      
0003fef9  UARTCharGet                          
0003ff03  UARTCharPut                          
0003ff0d  UARTIntDisable                       
0003ff17  UARTIntStatus                        
0003ff21  sys_arch_protect                     
0003ff2b  sys_mbox_valid                       
0003ff35  tcp_poll                             
0003ff3f  EMACTxDMAPollDemand                  
0003ff4f  TimerIntEnable                       
0003ff57  UARTBusy                             
0003ff5f  UARTIntEnable                        
0003ff67  fs_bytes_left                        
0003ff77  icmp_dest_unreach                    
0003ff7f  EMACRxDMADescriptorListSet           
0003ff85  EMACTimestampIntStatus               
0003ff8b  EMACTxDMADescriptorListSet           
0003ff91  GPIOPinRead                          
0003ff97  GPIOPinWrite                         
0003ff9d  ResetISR                             
0003ffa3  SerialPort0IntHandler                
0003ffa9  SerialPort1IntHandler                
0003ffaf  SerialPort2IntHandler                
0003ffb5  SysCtlDelay                          
0003ffbb  __TI_decompress_rle24                
0003ffc1  tcp_abort                            
0003ffcd  tcp_err                              
0003ffd3  tcp_new                              
0003ffd9  tcp_recv                             
0003ffdf  udp_recv                             
0003ffe5  vListInitialiseItem                  
0003ffeb  TimerIntClear                        
0003ffef  UARTIntClear                         
0003fff3  fs_close                             
0003fffb  _system_pre_init                     
0003ffff  sys_arch_unprotect                   
00040003  tcp_accept                           
00040007  tcp_arg                              
0004000b  tcp_sent                             
0004000f  tcp_setprio                          
00040314  __TI_Handler_Table_Base              
00040320  __TI_Handler_Table_Limit             
00040328  __TI_CINIT_Base                      
00040338  __TI_CINIT_Limit                     
20000000  ram_heap                             
20024b40  g_pui8RX1Buffer                      
20025340  g_pui8RX2Buffer                      
20026340  g_pui8TX1Buffer                      
20026b40  g_pui8TX2Buffer                      
20028340  g_mbapRTU                            
20029340  g_pTxDescriptors                     
20029c20  g_sParameters                        
20029d88  g_sWorkingDefaultParameters          
20029ef0  lwip_stats                           
2002a184  WiFi_SSID_temp                       
2002a2c0  g_pRxDescriptors                     
2002a3e0  g_mbapADU                            
2002a4e8  g_pui8_Read_Conf_Response            
2002a5e8  pui8TempRTU                          
2002a838  ResponseFromWiFi_IP                  
2002a930  g_sRxBuf                             
2002a960  g_sTxBuf                             
2002a9c0  dhcp_rx_options_val                  
2002aa10  g_pui8LocatorData                    
2002aa98  Data_From_COM1_To_LAN                
2002aaa8  Data_From_COM2_To_LAN                
2002aab8  Data_From_COM_To_LAN                 
2002aac8  RSSI                                 
2002aae8  securitymode                         
2002aaf8  wifi_pageRxBuf                       
2002ab08  wifi_pageTxBuf                       
2002ab18  dhcp_rx_options_given                
2002ab30  g_mbapADULength                      
2002ab38  g_pui8MACAddr                        
2002ab50  UDPpcb                               
2002ab54  WiFiDynamicIP                        
2002ab5c  current_header                       
2002ab60  current_iphdr_dest                   
2002ab64  current_iphdr_src                    
2002ab68  current_netif                        
2002ab6c  g_QueSerial                          
2002ab70  g_QueWiFiCMD                         
2002ab74  g_QueWiFiDataBack                    
2002ab78  g_Que_TI_Master_to_Slave             
2002ab7c  g_Que_TI_Master_to_Slave1            
2002ab80  g_Que_TI_Master_to_Slave2            
2002ab84  g_crcRTU                             
2002ab88  g_dataLength                         
2002ab8c  g_datarecv                           
2002ab90  g_iNumCGIs                           
2002ab94  g_mbapProtocolIdentifier             
2002ab98  g_mbapTransactionIdentifier          
2002ab9c  g_pCGIs                              
2002aba4  g_pfnTimerHandler                    
2002aba8  g_psDefaultParameters                
2002abb0  g_pui8_Response_4Byt                 
2002abb4  g_serialRecvCount                    
2002abb8  g_ui32AbnormalInts                   
2002abd0  g_ui32IPAddress                      
2002abd8  g_ui32NormalInts                     
2002abdc  g_ui32SysClock                       
2002abe8  netif_default                        
2002abec  netif_list                           
2002ac10  tcp_active_pcbs                      
2002ac14  tcp_bound_pcbs                       
2002ac18  tcp_input_pcb                        
2002ac1c  tcp_listen_pcbs                      
2002ac20  tcp_ticks                            
2002ac24  tcp_tmp_pcb                          
2002ac28  tcp_tw_pcbs                          
2002ac3c  udp_pcbs                             
2002ac40  I_cmd                                
2002ac42  cnt_debug0                           
2002ac48  Check_Error                          
2002ac49  GetWiFi_IP_CMD_Executing             
2002ac4a  LAN_to_COM_TX_Finish                 
2002ac4b  Mosbus_RTU_SUPPORT                   
2002ac4c  PWR_OK_Flag                          
2002ac4d  Qty_send                             
2002ac4e  Response_UDP_CMD_sendtoWiFi          
2002ac4f  Scaned_AP_Num                        
2002ac50  Switch_LAN_to_COM                    
2002ac51  Switch_WiFi_to_COM                   
2002ac52  TCPChar_Status                       
2002ac53  TCP_close_processing                 
2002ac54  Webpage_Visit_Req                    
2002ac55  WiFiLEDflashtime                     
2002ac56  WiFi_Assistant_Set_flag              
2002ac57  WiFi_Origin_TCP_Status               
2002ac58  WiFi_Raw_TCP_Status                  
2002ac59  WiFi_Status_Retval                   
2002ac5a  WiFi_TCP_connected                   
2002ac5b  WiFi_to_COM_TX_Finish                
2002ac5c  WiFly_Webaccess_Ready                
2002ac5d  Wifly_Acc                            
2002ac5e  Wifly_modname_modify                 
2002ac5f  cnt_data_for_get_len                 
2002ac60  cnt_data_or_web_request              
2002ac63  g_WiFi_RTU_enableTimer               
2002ac64  g_bFirmwareUpdate                    
2002ac65  g_enableTimer                        
2002ac66  g_frameDataCount                     
2002ac67  g_frameDataCount2                    
2002ac68  g_frameLengthRTU                     
2002ac69  g_frameLengthRTU2                    
2002ac6a  g_funcIDRTU                          
2002ac6b  g_funcIDRTU2                         
2002ac6c  g_highCrcbyte                        
2002ac6d  g_highCrcbyte_TI_Master              
2002ac6e  g_lowCrcbyte                         
2002ac6f  g_lowCrcbyte_TI_Master               
2002ac70  g_mbapFunctionId                     
2002ac71  g_mbapSlaveAddress                   
2002ac72  g_slaveAddressRTU                    
2002ac73  g_time3Out                           
2002ac74  g_timeOut                            
2002ac75  g_ui8UpdateRequired                  
2002ac76  i32IndexRTU                          
2002ac77  locator_scan                         
2002ac78  modbusRTUState                       
2002ac79  modbusRTUState2                      
2002ac7a  modbusRTUState3                      
2002ac7b  modbusRTUState_LAN                   
2002ac7c  modbusState                          
2002ac7e  pbuf_free_ooseq_pending              
2002ac7f  previous_char                        
2002ac80  rec_char_status                      
2002ac82  rxdata_receiving                     
2002ac83  slave_data_rdy_syn                   
2002ac84  tcp_active_pcbs_changed              
2002ac87  txdata_sending                       
2002ac88  ui8PreviousCMD                       
2002ac89  wifiCMD_Executing                    
2002ac8a  wifi_app_CMD_processing              
2002ac8b  wifi_restoring                       
2002ac8c  wifi_sendpage                        
2002ac8d  wificmd_processing_flag              
2002ac8e  wifidataavail_flag                   
2002ac8f  wifiini_flag                         
2002ac90  __stack                              
2002bc90  __STACK_END                          
2002bc90  __STACK_TOP                          
2002bc90  g_pcConfigSSITags                    
2002bf38  _Denorm                              
2002bf48  _Eps                                 
2002bf58  _Hugeval                             
2002bf68  _Inf                                 
2002bf78  _Nan                                 
2002bf88  _Snan                                
2002bf98  _Rteps                               
2002bfa8  _Xbig                                
2002bfb0  _Zero                                
2002bfb8  _FDenorm                             
2002bfc8  _FEps                                
2002bfd8  _FInf                                
2002bfe8  _FNan                                
2002bff8  _FSnan                               
2002c008  _FRteps                              
2002c018  _FXbig                               
2002c01c  _FZero                               
2002c020  Sec_Mode_Tab                         
2002c074  g_TxDescList                         
2002c084  g_RxDescList                         
2002c0b0  pxCurrentTCB                         
2002c0e0  if_ap                                
2002c0e1  permit                               
2002c0e2  login_counter                        
2002c0e3  logoff_htm                           
2002c0e4  logoff_shtm                          
2002c0e5  APPW_NULL                            
2002c0e6  StaPW_NULL                           
2002c0e7  Wifly_AP_STA                         
2002c0e8  join_AP_pw_needed                    
2002c0e9  feedback                             
2002c0ec  NUM_CONFIG_SSI_TAGS                  
2002c0f0  NUM_CONFIG_CGI_URIS                  
2002c0f8  Wifi_Set_OK                          
2002c0fc  g_pfnSSIHandler                      
2002c100  g_iNumTags                           
2002c104  g_ppcTags                            
2002c11c  _lock                                
2002c120  _unlock                              
2002c124  __TI_cleanup_ptr                     
2002c128  __TI_dtors_ptr                       
2002c12c  _Fenv                                
2002c130  _Tls_setup__Fenv                     
2002c134  g_pfnUpdateCallback                  
2002c13c  g_ui32SystemTimeMS                   
2002c140  g_bLinkStatusUp                      
2002c14c  i                                    
2002c154  _Errno                               
2002c158  main_func_sp                         
ffffffff  __binit__                            
ffffffff  __c_args__                           
ffffffff  binit                                
UNDEFED   SHT$$INIT_ARRAY$$Base                
UNDEFED   SHT$$INIT_ARRAY$$Limit               

[713 symbols]
